Archive member included to satisfy reference by file (symbol)

/opt/Atollic_TrueSTUDIO_for_ARM_7.1.2/ARMTools/bin/../lib/gcc/arm-atollic-eabi/5.3.1/../../../../arm-atollic-eabi/lib/armv7e-m/fpu/libc_nano.a(lib_a-init.o)
                              startup/startup_stm32f401xc.o (__libc_init_array)
/opt/Atollic_TrueSTUDIO_for_ARM_7.1.2/ARMTools/bin/../lib/gcc/arm-atollic-eabi/5.3.1/../../../../arm-atollic-eabi/lib/armv7e-m/fpu/libc_nano.a(lib_a-malloc.o)
                              Middlewares/ST/STM32_USB_Device_Library/Class/CDC/Src/usbd_cdc.o (malloc)
/opt/Atollic_TrueSTUDIO_for_ARM_7.1.2/ARMTools/bin/../lib/gcc/arm-atollic-eabi/5.3.1/../../../../arm-atollic-eabi/lib/armv7e-m/fpu/libc_nano.a(lib_a-memcpy-stub.o)
                              Src/L3GD20.o (memcpy)
/opt/Atollic_TrueSTUDIO_for_ARM_7.1.2/ARMTools/bin/../lib/gcc/arm-atollic-eabi/5.3.1/../../../../arm-atollic-eabi/lib/armv7e-m/fpu/libc_nano.a(lib_a-nano-freer.o)
                              /opt/Atollic_TrueSTUDIO_for_ARM_7.1.2/ARMTools/bin/../lib/gcc/arm-atollic-eabi/5.3.1/../../../../arm-atollic-eabi/lib/armv7e-m/fpu/libc_nano.a(lib_a-malloc.o) (_free_r)
/opt/Atollic_TrueSTUDIO_for_ARM_7.1.2/ARMTools/bin/../lib/gcc/arm-atollic-eabi/5.3.1/../../../../arm-atollic-eabi/lib/armv7e-m/fpu/libc_nano.a(lib_a-nano-mallocr.o)
                              /opt/Atollic_TrueSTUDIO_for_ARM_7.1.2/ARMTools/bin/../lib/gcc/arm-atollic-eabi/5.3.1/../../../../arm-atollic-eabi/lib/armv7e-m/fpu/libc_nano.a(lib_a-malloc.o) (_malloc_r)
/opt/Atollic_TrueSTUDIO_for_ARM_7.1.2/ARMTools/bin/../lib/gcc/arm-atollic-eabi/5.3.1/../../../../arm-atollic-eabi/lib/armv7e-m/fpu/libc_nano.a(lib_a-sbrkr.o)
                              /opt/Atollic_TrueSTUDIO_for_ARM_7.1.2/ARMTools/bin/../lib/gcc/arm-atollic-eabi/5.3.1/../../../../arm-atollic-eabi/lib/armv7e-m/fpu/libc_nano.a(lib_a-nano-mallocr.o) (_sbrk_r)
/opt/Atollic_TrueSTUDIO_for_ARM_7.1.2/ARMTools/bin/../lib/gcc/arm-atollic-eabi/5.3.1/../../../../arm-atollic-eabi/lib/armv7e-m/fpu/libc_nano.a(lib_a-impure.o)
                              /opt/Atollic_TrueSTUDIO_for_ARM_7.1.2/ARMTools/bin/../lib/gcc/arm-atollic-eabi/5.3.1/../../../../arm-atollic-eabi/lib/armv7e-m/fpu/libc_nano.a(lib_a-malloc.o) (_impure_ptr)
/opt/Atollic_TrueSTUDIO_for_ARM_7.1.2/ARMTools/bin/../lib/gcc/arm-atollic-eabi/5.3.1/../../../../arm-atollic-eabi/lib/armv7e-m/fpu/libc_nano.a(lib_a-mlock.o)
                              /opt/Atollic_TrueSTUDIO_for_ARM_7.1.2/ARMTools/bin/../lib/gcc/arm-atollic-eabi/5.3.1/../../../../arm-atollic-eabi/lib/armv7e-m/fpu/libc_nano.a(lib_a-nano-freer.o) (__malloc_lock)
/opt/Atollic_TrueSTUDIO_for_ARM_7.1.2/ARMTools/bin/../lib/gcc/arm-atollic-eabi/5.3.1/../../../../arm-atollic-eabi/lib/armv7e-m/fpu/libc_nano.a(lib_a-reent.o)
                              /opt/Atollic_TrueSTUDIO_for_ARM_7.1.2/ARMTools/bin/../lib/gcc/arm-atollic-eabi/5.3.1/../../../../arm-atollic-eabi/lib/armv7e-m/fpu/libc_nano.a(lib_a-sbrkr.o) (errno)
/opt/Atollic_TrueSTUDIO_for_ARM_7.1.2/ARMTools/bin/../lib/gcc/arm-atollic-eabi/5.3.1/../../../../arm-atollic-eabi/lib/armv7e-m/fpu/libnosys.a(sbrk.o)
                              /opt/Atollic_TrueSTUDIO_for_ARM_7.1.2/ARMTools/bin/../lib/gcc/arm-atollic-eabi/5.3.1/../../../../arm-atollic-eabi/lib/armv7e-m/fpu/libc_nano.a(lib_a-sbrkr.o) (_sbrk)

Allocating common symbols
Common symbol       size              file

hUsbDeviceFS        0x224             Src/usb_device.o
errno               0x4               /opt/Atollic_TrueSTUDIO_for_ARM_7.1.2/ARMTools/bin/../lib/gcc/arm-atollic-eabi/5.3.1/../../../../arm-atollic-eabi/lib/armv7e-m/fpu/libc_nano.a(lib_a-reent.o)
hpcd_USB_OTG_FS     0x3f0             Src/usbd_conf.o
uwTick              0x4               Drivers/STM32F4xx_HAL_Driver/Src/stm32f4xx_hal.o
pFlash              0x20              Drivers/STM32F4xx_HAL_Driver/Src/stm32f4xx_hal_flash.o
UserRxBufferFS      0x4               Src/usbd_cdc_if.o
UserTxBufferFS      0x4               Src/usbd_cdc_if.o
hspiloc             0x58              Src/main.o
hspi1               0x58              Src/L3GD20.o
USBD_StrDesc        0x200             Src/usbd_desc.o

Discarded input sections

 .text          0x00000000        0x0 /opt/Atollic_TrueSTUDIO_for_ARM_7.1.2/ARMTools/bin/../lib/gcc/arm-atollic-eabi/5.3.1/armv7e-m/fpu/crti.o
 .data          0x00000000        0x0 /opt/Atollic_TrueSTUDIO_for_ARM_7.1.2/ARMTools/bin/../lib/gcc/arm-atollic-eabi/5.3.1/armv7e-m/fpu/crti.o
 .bss           0x00000000        0x0 /opt/Atollic_TrueSTUDIO_for_ARM_7.1.2/ARMTools/bin/../lib/gcc/arm-atollic-eabi/5.3.1/armv7e-m/fpu/crti.o
 .data          0x00000000        0x4 /opt/Atollic_TrueSTUDIO_for_ARM_7.1.2/ARMTools/bin/../lib/gcc/arm-atollic-eabi/5.3.1/armv7e-m/fpu/crtbegin.o
 .text          0x00000000        0x0 Drivers/STM32F4xx_HAL_Driver/Src/stm32f4xx_hal.o
 .data          0x00000000        0x0 Drivers/STM32F4xx_HAL_Driver/Src/stm32f4xx_hal.o
 .bss           0x00000000        0x0 Drivers/STM32F4xx_HAL_Driver/Src/stm32f4xx_hal.o
[...]
Memory Configuration

Name             Origin             Length             Attributes
RAM              0x20000000         0x00010000         xrw
FLASH            0x08000000         0x00040000         xr
*default*        0x00000000         0xffffffff

Linker script and memory map

LOAD /opt/Atollic_TrueSTUDIO_for_ARM_7.1.2/ARMTools/bin/../lib/gcc/arm-atollic-eabi/5.3.1/armv7e-m/fpu/crti.o
LOAD /opt/Atollic_TrueSTUDIO_for_ARM_7.1.2/ARMTools/bin/../lib/gcc/arm-atollic-eabi/5.3.1/armv7e-m/fpu/crtbegin.o
LOAD Drivers/STM32F4xx_HAL_Driver/Src/stm32f4xx_hal.o
LOAD Drivers/STM32F4xx_HAL_Driver/Src/stm32f4xx_hal_cortex.o
LOAD Drivers/STM32F4xx_HAL_Driver/Src/stm32f4xx_hal_dma.o
LOAD Drivers/STM32F4xx_HAL_Driver/Src/stm32f4xx_hal_dma_ex.o
LOAD Drivers/STM32F4xx_HAL_Driver/Src/stm32f4xx_hal_flash.o
LOAD Drivers/STM32F4xx_HAL_Driver/Src/stm32f4xx_hal_flash_ex.o
LOAD Drivers/STM32F4xx_HAL_Driver/Src/stm32f4xx_hal_flash_ramfunc.o
LOAD Drivers/STM32F4xx_HAL_Driver/Src/stm32f4xx_hal_gpio.o
LOAD Drivers/STM32F4xx_HAL_Driver/Src/stm32f4xx_hal_pcd.o
LOAD Drivers/STM32F4xx_HAL_Driver/Src/stm32f4xx_hal_pcd_ex.o
LOAD Drivers/STM32F4xx_HAL_Driver/Src/stm32f4xx_hal_pwr.o
LOAD Drivers/STM32F4xx_HAL_Driver/Src/stm32f4xx_hal_pwr_ex.o
LOAD Drivers/STM32F4xx_HAL_Driver/Src/stm32f4xx_hal_rcc.o
LOAD Drivers/STM32F4xx_HAL_Driver/Src/stm32f4xx_hal_rcc_ex.o
LOAD Drivers/STM32F4xx_HAL_Driver/Src/stm32f4xx_hal_spi.o
LOAD Drivers/STM32F4xx_HAL_Driver/Src/stm32f4xx_hal_tim.o
LOAD Drivers/STM32F4xx_HAL_Driver/Src/stm32f4xx_hal_tim_ex.o
LOAD Drivers/STM32F4xx_HAL_Driver/Src/stm32f4xx_ll_usb.o
LOAD Middlewares/ST/STM32_USB_Device_Library/Class/CDC/Src/usbd_cdc.o
LOAD Middlewares/ST/STM32_USB_Device_Library/Core/Src/usbd_core.o
LOAD Middlewares/ST/STM32_USB_Device_Library/Core/Src/usbd_ctlreq.o
LOAD Middlewares/ST/STM32_USB_Device_Library/Core/Src/usbd_ioreq.o
LOAD Src/L3GD20.o
LOAD Src/main.o
LOAD Src/stm32f4xx_hal_msp.o
LOAD Src/stm32f4xx_it.o
LOAD Src/system_stm32f4xx.o
LOAD Src/usb_device.o
LOAD Src/usbd_cdc_if.o
LOAD Src/usbd_conf.o
LOAD Src/usbd_desc.o
LOAD startup/startup_stm32f401xc.o
START GROUP
LOAD /opt/Atollic_TrueSTUDIO_for_ARM_7.1.2/ARMTools/bin/../lib/gcc/arm-atollic-eabi/5.3.1/../../../../arm-atollic-eabi/lib/armv7e-m/fpu/libc_nano.a
LOAD /opt/Atollic_TrueSTUDIO_for_ARM_7.1.2/ARMTools/bin/../lib/gcc/arm-atollic-eabi/5.3.1/../../../../arm-atollic-eabi/lib/armv7e-m/fpu/libm.a
END GROUP
                0x00000080                malloc_getpagesize_P = 0x80
START GROUP
LOAD /opt/Atollic_TrueSTUDIO_for_ARM_7.1.2/ARMTools/bin/../lib/gcc/arm-atollic-eabi/5.3.1/armv7e-m/fpu/libgcc.a
LOAD /opt/Atollic_TrueSTUDIO_for_ARM_7.1.2/ARMTools/bin/../lib/gcc/arm-atollic-eabi/5.3.1/../../../../arm-atollic-eabi/lib/armv7e-m/fpu/libc_nano.a
END GROUP
START GROUP
LOAD /opt/Atollic_TrueSTUDIO_for_ARM_7.1.2/ARMTools/bin/../lib/gcc/arm-atollic-eabi/5.3.1/armv7e-m/fpu/libgcc.a
LOAD /opt/Atollic_TrueSTUDIO_for_ARM_7.1.2/ARMTools/bin/../lib/gcc/arm-atollic-eabi/5.3.1/../../../../arm-atollic-eabi/lib/armv7e-m/fpu/libc_nano.a
LOAD /opt/Atollic_TrueSTUDIO_for_ARM_7.1.2/ARMTools/bin/../lib/gcc/arm-atollic-eabi/5.3.1/../../../../arm-atollic-eabi/lib/armv7e-m/fpu/libnosys.a
END GROUP
START GROUP
LOAD /opt/Atollic_TrueSTUDIO_for_ARM_7.1.2/ARMTools/bin/../lib/gcc/arm-atollic-eabi/5.3.1/armv7e-m/fpu/libgcc.a
LOAD /opt/Atollic_TrueSTUDIO_for_ARM_7.1.2/ARMTools/bin/../lib/gcc/arm-atollic-eabi/5.3.1/../../../../arm-atollic-eabi/lib/armv7e-m/fpu/libc_nano.a
LOAD /opt/Atollic_TrueSTUDIO_for_ARM_7.1.2/ARMTools/bin/../lib/gcc/arm-atollic-eabi/5.3.1/../../../../arm-atollic-eabi/lib/armv7e-m/fpu/libnosys.a
END GROUP
LOAD /opt/Atollic_TrueSTUDIO_for_ARM_7.1.2/ARMTools/bin/../lib/gcc/arm-atollic-eabi/5.3.1/armv7e-m/fpu/crtend.o
LOAD /opt/Atollic_TrueSTUDIO_for_ARM_7.1.2/ARMTools/bin/../lib/gcc/arm-atollic-eabi/5.3.1/armv7e-m/fpu/crtn.o
                0x20010000                _estack = 0x20010000
                0x00000200                _Min_Heap_Size = 0x200
                0x00000400                _Min_Stack_Size = 0x400

.isr_vector     0x08000000      0x194
                0x08000000                . = ALIGN (0x4)
 *(.isr_vector)
 .isr_vector    0x08000000      0x194 startup/startup_stm32f401xc.o
                0x08000000                g_pfnVectors
                0x08000194                . = ALIGN (0x4)

.text           0x08000194     0x34d4
                0x08000194                . = ALIGN (0x4)
 *(.text)
 .text          0x08000194       0x40 /opt/Atollic_TrueSTUDIO_for_ARM_7.1.2/ARMTools/bin/../lib/gcc/arm-atollic-eabi/5.3.1/armv7e-m/fpu/crtbegin.o
 *(.text*)
 .text.HAL_InitTick
                0x080001d4       0x28 Drivers/STM32F4xx_HAL_Driver/Src/stm32f4xx_hal.o
                0x080001d4                HAL_InitTick
 .text.HAL_Init
                0x080001fc       0x34 Drivers/STM32F4xx_HAL_Driver/Src/stm32f4xx_hal.o
                0x080001fc                HAL_Init
 .text.HAL_IncTick
                0x08000230       0x10 Drivers/STM32F4xx_HAL_Driver/Src/stm32f4xx_hal.o
                0x08000230                HAL_IncTick
 .text.HAL_GetTick
                0x08000240        0xc Drivers/STM32F4xx_HAL_Driver/Src/stm32f4xx_hal.o
                0x08000240                HAL_GetTick
 .text.HAL_Delay
                0x0800024c       0x20 Drivers/STM32F4xx_HAL_Driver/Src/stm32f4xx_hal.o
                0x0800024c                HAL_Delay
 .text.HAL_NVIC_SetPriorityGrouping
                0x0800026c       0x24 Drivers/STM32F4xx_HAL_Driver/Src/stm32f4xx_hal_cortex.o
                0x0800026c                HAL_NVIC_SetPriorityGrouping
 .text.HAL_NVIC_SetPriority
                0x08000290       0x68 Drivers/STM32F4xx_HAL_Driver/Src/stm32f4xx_hal_cortex.o
                0x08000290                HAL_NVIC_SetPriority
 .text.HAL_NVIC_EnableIRQ
                0x080002f8       0x18 Drivers/STM32F4xx_HAL_Driver/Src/stm32f4xx_hal_cortex.o
                0x080002f8                HAL_NVIC_EnableIRQ
 .text.HAL_SYSTICK_Config
                0x08000310       0x2c Drivers/STM32F4xx_HAL_Driver/Src/stm32f4xx_hal_cortex.o
                0x08000310                HAL_SYSTICK_Config
 .text.HAL_SYSTICK_CLKSourceConfig
                0x0800033c       0x18 Drivers/STM32F4xx_HAL_Driver/Src/stm32f4xx_hal_cortex.o
                0x0800033c                HAL_SYSTICK_CLKSourceConfig
 .text.HAL_SYSTICK_Callback
                0x08000354        0x2 Drivers/STM32F4xx_HAL_Driver/Src/stm32f4xx_hal_cortex.o
                0x08000354                HAL_SYSTICK_Callback
 .text.HAL_SYSTICK_IRQHandler
                0x08000356        0x8 Drivers/STM32F4xx_HAL_Driver/Src/stm32f4xx_hal_cortex.o
                0x08000356                HAL_SYSTICK_IRQHandler
 *fill*         0x0800035e        0x2 
 .text.HAL_GPIO_Init
                0x08000360      0x19c Drivers/STM32F4xx_HAL_Driver/Src/stm32f4xx_hal_gpio.o
                0x08000360                HAL_GPIO_Init
 .text.HAL_GPIO_WritePin
                0x080004fc        0x8 Drivers/STM32F4xx_HAL_Driver/Src/stm32f4xx_hal_gpio.o
                0x080004fc                HAL_GPIO_WritePin
 .text.HAL_PCD_Init
                0x08000504       0xd8 Drivers/STM32F4xx_HAL_Driver/Src/stm32f4xx_hal_pcd.o
                0x08000504                HAL_PCD_Init
 .text.HAL_PCD_Start
                0x080005dc       0x2a Drivers/STM32F4xx_HAL_Driver/Src/stm32f4xx_hal_pcd.o
                0x080005dc                HAL_PCD_Start
 *fill*         0x08000606        0x2 
 .text.HAL_PCD_IRQHandler
                0x08000608      0x548 Drivers/STM32F4xx_HAL_Driver/Src/stm32f4xx_hal_pcd.o
                0x08000608                HAL_PCD_IRQHandler
 .text.HAL_PCD_SetAddress
                0x08000b50       0x24 Drivers/STM32F4xx_HAL_Driver/Src/stm32f4xx_hal_pcd.o
                0x08000b50                HAL_PCD_SetAddress
 .text.HAL_PCD_EP_Open
                0x08000b74       0x5c Drivers/STM32F4xx_HAL_Driver/Src/stm32f4xx_hal_pcd.o
                0x08000b74                HAL_PCD_EP_Open
 .text.HAL_PCD_EP_Close
                0x08000bd0       0x46 Drivers/STM32F4xx_HAL_Driver/Src/stm32f4xx_hal_pcd.o
                0x08000bd0                HAL_PCD_EP_Close
 .text.HAL_PCD_EP_Receive
                0x08000c16       0x46 Drivers/STM32F4xx_HAL_Driver/Src/stm32f4xx_hal_pcd.o
                0x08000c16                HAL_PCD_EP_Receive
 .text.HAL_PCD_EP_GetRxCount
                0x08000c5c       0x10 Drivers/STM32F4xx_HAL_Driver/Src/stm32f4xx_hal_pcd.o
                0x08000c5c                HAL_PCD_EP_GetRxCount
 .text.HAL_PCD_EP_Transmit
                0x08000c6c       0x40 Drivers/STM32F4xx_HAL_Driver/Src/stm32f4xx_hal_pcd.o
                0x08000c6c                HAL_PCD_EP_Transmit
 .text.HAL_PCD_EP_SetStall
                0x08000cac       0x58 Drivers/STM32F4xx_HAL_Driver/Src/stm32f4xx_hal_pcd.o
                0x08000cac                HAL_PCD_EP_SetStall
 .text.HAL_PCD_EP_ClrStall
                0x08000d04       0x4a Drivers/STM32F4xx_HAL_Driver/Src/stm32f4xx_hal_pcd.o
                0x08000d04                HAL_PCD_EP_ClrStall
 .text.HAL_PCDEx_SetTxFiFo
                0x08000d4e       0x42 Drivers/STM32F4xx_HAL_Driver/Src/stm32f4xx_hal_pcd_ex.o
                0x08000d4e                HAL_PCDEx_SetTxFiFo
 .text.HAL_PCDEx_SetRxFiFo
                0x08000d90        0x8 Drivers/STM32F4xx_HAL_Driver/Src/stm32f4xx_hal_pcd_ex.o
                0x08000d90                HAL_PCDEx_SetRxFiFo
 .text.HAL_RCC_OscConfig
                0x08000d98      0x31c Drivers/STM32F4xx_HAL_Driver/Src/stm32f4xx_hal_rcc.o
                0x08000d98                HAL_RCC_OscConfig
 .text.HAL_RCC_GetSysClockFreq
                0x080010b4       0x7c Drivers/STM32F4xx_HAL_Driver/Src/stm32f4xx_hal_rcc.o
                0x080010b4                HAL_RCC_GetSysClockFreq
 .text.HAL_RCC_ClockConfig
                0x08001130      0x168 Drivers/STM32F4xx_HAL_Driver/Src/stm32f4xx_hal_rcc.o
                0x08001130                HAL_RCC_ClockConfig
 .text.HAL_RCC_GetHCLKFreq
                0x08001298        0xc Drivers/STM32F4xx_HAL_Driver/Src/stm32f4xx_hal_rcc.o
                0x08001298                HAL_RCC_GetHCLKFreq
 .text.SPI_WaitFlagStateUntilTimeout
                0x080012a4       0x8e Drivers/STM32F4xx_HAL_Driver/Src/stm32f4xx_hal_spi.o
 .text.SPI_CheckFlag_BSY
                0x08001332       0x20 Drivers/STM32F4xx_HAL_Driver/Src/stm32f4xx_hal_spi.o
 .text.HAL_SPI_Init
                0x08001352       0x7a Drivers/STM32F4xx_HAL_Driver/Src/stm32f4xx_hal_spi.o
                0x08001352                HAL_SPI_Init
 .text.HAL_SPI_Transmit
                0x080013cc      0x15a Drivers/STM32F4xx_HAL_Driver/Src/stm32f4xx_hal_spi.o
                0x080013cc                HAL_SPI_Transmit
 .text.HAL_SPI_TransmitReceive
                0x08001526      0x214 Drivers/STM32F4xx_HAL_Driver/Src/stm32f4xx_hal_spi.o
                0x08001526                HAL_SPI_TransmitReceive
 .text.USB_CoreInit
                0x0800173a       0x74 Drivers/STM32F4xx_HAL_Driver/Src/stm32f4xx_ll_usb.o
                0x0800173a                USB_CoreInit
 .text.USB_EnableGlobalInt
                0x080017ae        0xc Drivers/STM32F4xx_HAL_Driver/Src/stm32f4xx_ll_usb.o
                0x080017ae                USB_EnableGlobalInt
 .text.USB_DisableGlobalInt
                0x080017ba        0xc Drivers/STM32F4xx_HAL_Driver/Src/stm32f4xx_ll_usb.o
                0x080017ba                USB_DisableGlobalInt
 .text.USB_SetCurrentMode
                0x080017c6       0x2c Drivers/STM32F4xx_HAL_Driver/Src/stm32f4xx_ll_usb.o
                0x080017c6                USB_SetCurrentMode
 *fill*         0x080017f2        0x2 
 .text.USB_DevInit
                0x080017f4      0x134 Drivers/STM32F4xx_HAL_Driver/Src/stm32f4xx_ll_usb.o
                0x080017f4                USB_DevInit
 .text.USB_FlushTxFifo
                0x08001928       0x24 Drivers/STM32F4xx_HAL_Driver/Src/stm32f4xx_ll_usb.o
                0x08001928                USB_FlushTxFifo
 .text.USB_FlushRxFifo
                0x0800194c       0x20 Drivers/STM32F4xx_HAL_Driver/Src/stm32f4xx_ll_usb.o
                0x0800194c                USB_FlushRxFifo
 .text.USB_SetDevSpeed
                0x0800196c        0xe Drivers/STM32F4xx_HAL_Driver/Src/stm32f4xx_ll_usb.o
                0x0800196c                USB_SetDevSpeed
 .text.USB_GetDevSpeed
                0x0800197a       0x36 Drivers/STM32F4xx_HAL_Driver/Src/stm32f4xx_ll_usb.o
                0x0800197a                USB_GetDevSpeed
 .text.USB_ActivateEndpoint
                0x080019b0       0x82 Drivers/STM32F4xx_HAL_Driver/Src/stm32f4xx_ll_usb.o
                0x080019b0                USB_ActivateEndpoint
 .text.USB_DeactivateEndpoint
                0x08001a32        0x4 Drivers/STM32F4xx_HAL_Driver/Src/stm32f4xx_ll_usb.o
                0x08001a32                USB_DeactivateEndpoint
 *fill*         0x08001a36        0x2 
 .text.USB_DeactivateDedicatedEndpoint
                0x08001a38       0xdc Drivers/STM32F4xx_HAL_Driver/Src/stm32f4xx_ll_usb.o
                0x08001a38                USB_DeactivateDedicatedEndpoint
 .text.USB_EPStartXfer
                0x08001b14      0x238 Drivers/STM32F4xx_HAL_Driver/Src/stm32f4xx_ll_usb.o
                0x08001b14                USB_EPStartXfer
 .text.USB_EP0StartXfer
                0x08001d4c      0x152 Drivers/STM32F4xx_HAL_Driver/Src/stm32f4xx_ll_usb.o
                0x08001d4c                USB_EP0StartXfer
 .text.USB_WritePacket
                0x08001e9e       0x28 Drivers/STM32F4xx_HAL_Driver/Src/stm32f4xx_ll_usb.o
                0x08001e9e                USB_WritePacket
 .text.USB_ReadPacket
                0x08001ec6       0x1c Drivers/STM32F4xx_HAL_Driver/Src/stm32f4xx_ll_usb.o
                0x08001ec6                USB_ReadPacket
 .text.USB_EPSetStall
                0x08001ee2       0x64 Drivers/STM32F4xx_HAL_Driver/Src/stm32f4xx_ll_usb.o
                0x08001ee2                USB_EPSetStall
 .text.USB_EPClearStall
                0x08001f46       0x3c Drivers/STM32F4xx_HAL_Driver/Src/stm32f4xx_ll_usb.o
                0x08001f46                USB_EPClearStall
 .text.USB_SetDevAddress
                0x08001f82       0x20 Drivers/STM32F4xx_HAL_Driver/Src/stm32f4xx_ll_usb.o
                0x08001f82                USB_SetDevAddress
 .text.USB_DevConnect
                0x08001fa2       0x18 Drivers/STM32F4xx_HAL_Driver/Src/stm32f4xx_ll_usb.o
                0x08001fa2                USB_DevConnect
 .text.USB_DevDisconnect
                0x08001fba       0x18 Drivers/STM32F4xx_HAL_Driver/Src/stm32f4xx_ll_usb.o
                0x08001fba                USB_DevDisconnect
 .text.USB_ReadInterrupts
                0x08001fd2        0x8 Drivers/STM32F4xx_HAL_Driver/Src/stm32f4xx_ll_usb.o
                0x08001fd2                USB_ReadInterrupts
 .text.USB_ReadDevAllOutEpInterrupt
                0x08001fda       0x10 Drivers/STM32F4xx_HAL_Driver/Src/stm32f4xx_ll_usb.o
                0x08001fda                USB_ReadDevAllOutEpInterrupt
 .text.USB_ReadDevAllInEpInterrupt
                0x08001fea       0x10 Drivers/STM32F4xx_HAL_Driver/Src/stm32f4xx_ll_usb.o
                0x08001fea                USB_ReadDevAllInEpInterrupt
 .text.USB_ReadDevOutEPInterrupt
                0x08001ffa       0x14 Drivers/STM32F4xx_HAL_Driver/Src/stm32f4xx_ll_usb.o
                0x08001ffa                USB_ReadDevOutEPInterrupt
 .text.USB_ReadDevInEPInterrupt
                0x0800200e       0x20 Drivers/STM32F4xx_HAL_Driver/Src/stm32f4xx_ll_usb.o
                0x0800200e                USB_ReadDevInEPInterrupt
 .text.USB_GetMode
                0x0800202e        0x8 Drivers/STM32F4xx_HAL_Driver/Src/stm32f4xx_ll_usb.o
                0x0800202e                USB_GetMode
 .text.USB_ActivateSetup
                0x08002036       0x36 Drivers/STM32F4xx_HAL_Driver/Src/stm32f4xx_ll_usb.o
                0x08002036                USB_ActivateSetup
 .text.USB_EP0_OutStart
                0x0800206c       0x46 Drivers/STM32F4xx_HAL_Driver/Src/stm32f4xx_ll_usb.o
                0x0800206c                USB_EP0_OutStart
 *fill*         0x080020b2        0x2 
 .text.USB_CoreReset
                0x080020b4       0x30 Drivers/STM32F4xx_HAL_Driver/Src/stm32f4xx_ll_usb.o
 .text.USBD_CDC_DataIn
                0x080020e4       0x12 Middlewares/ST/STM32_USB_Device_Library/Class/CDC/Src/usbd_cdc.o
 .text.USBD_CDC_EP0_RxReady
                0x080020f6       0x28 Middlewares/ST/STM32_USB_Device_Library/Class/CDC/Src/usbd_cdc.o
 *fill*         0x0800211e        0x2 
 .text.USBD_CDC_GetFSCfgDesc
                0x08002120        0xc Middlewares/ST/STM32_USB_Device_Library/Class/CDC/Src/usbd_cdc.o
 .text.USBD_CDC_GetHSCfgDesc
                0x0800212c        0xc Middlewares/ST/STM32_USB_Device_Library/Class/CDC/Src/usbd_cdc.o
 .text.USBD_CDC_GetOtherSpeedCfgDesc
                0x08002138        0xc Middlewares/ST/STM32_USB_Device_Library/Class/CDC/Src/usbd_cdc.o
 .text.USBD_CDC_GetDeviceQualifierDescriptor
                0x08002144        0xc Middlewares/ST/STM32_USB_Device_Library/Class/CDC/Src/usbd_cdc.o
                0x08002144                USBD_CDC_GetDeviceQualifierDescriptor
 .text.USBD_CDC_DataOut
                0x08002150       0x2e Middlewares/ST/STM32_USB_Device_Library/Class/CDC/Src/usbd_cdc.o
 *fill*         0x0800217e        0x2 
 .text.USBD_CDC_Setup
                0x08002180       0x6c Middlewares/ST/STM32_USB_Device_Library/Class/CDC/Src/usbd_cdc.o
 .text.USBD_CDC_DeInit
                0x080021ec       0x3a Middlewares/ST/STM32_USB_Device_Library/Class/CDC/Src/usbd_cdc.o
 .text.USBD_CDC_Init
                0x08002226       0x8c Middlewares/ST/STM32_USB_Device_Library/Class/CDC/Src/usbd_cdc.o
 .text.USBD_CDC_RegisterInterface
                0x080022b2        0xe Middlewares/ST/STM32_USB_Device_Library/Class/CDC/Src/usbd_cdc.o
                0x080022b2                USBD_CDC_RegisterInterface
 .text.USBD_CDC_SetTxBuffer
                0x080022c0       0x10 Middlewares/ST/STM32_USB_Device_Library/Class/CDC/Src/usbd_cdc.o
                0x080022c0                USBD_CDC_SetTxBuffer
 .text.USBD_CDC_SetRxBuffer
                0x080022d0        0xc Middlewares/ST/STM32_USB_Device_Library/Class/CDC/Src/usbd_cdc.o
                0x080022d0                USBD_CDC_SetRxBuffer
 .text.USBD_CDC_TransmitPacket
                0x080022dc       0x2e Middlewares/ST/STM32_USB_Device_Library/Class/CDC/Src/usbd_cdc.o
                0x080022dc                USBD_CDC_TransmitPacket
 .text.USBD_CDC_ReceivePacket
                0x0800230a       0x26 Middlewares/ST/STM32_USB_Device_Library/Class/CDC/Src/usbd_cdc.o
                0x0800230a                USBD_CDC_ReceivePacket
 .text.USBD_Init
                0x08002330       0x2a Middlewares/ST/STM32_USB_Device_Library/Core/Src/usbd_core.o
                0x08002330                USBD_Init
 .text.USBD_RegisterClass
                0x0800235a        0xe Middlewares/ST/STM32_USB_Device_Library/Core/Src/usbd_core.o
                0x0800235a                USBD_RegisterClass
 .text.USBD_Start
                0x08002368        0xa Middlewares/ST/STM32_USB_Device_Library/Core/Src/usbd_core.o
                0x08002368                USBD_Start
 .text.USBD_SetClassConfig
                0x08002372       0x16 Middlewares/ST/STM32_USB_Device_Library/Core/Src/usbd_core.o
                0x08002372                USBD_SetClassConfig
 .text.USBD_ClrClassConfig
                0x08002388        0xe Middlewares/ST/STM32_USB_Device_Library/Core/Src/usbd_core.o
                0x08002388                USBD_ClrClassConfig
 .text.USBD_LL_SetupStage
                0x08002396       0x5a Middlewares/ST/STM32_USB_Device_Library/Core/Src/usbd_core.o
                0x08002396                USBD_LL_SetupStage
 .text.USBD_LL_DataOutStage
                0x080023f0       0x62 Middlewares/ST/STM32_USB_Device_Library/Core/Src/usbd_core.o
                0x080023f0                USBD_LL_DataOutStage
 .text.USBD_LL_DataInStage
                0x08002452       0x9c Middlewares/ST/STM32_USB_Device_Library/Core/Src/usbd_core.o
                0x08002452                USBD_LL_DataInStage
 .text.USBD_LL_Reset
                0x080024ee       0x3e Middlewares/ST/STM32_USB_Device_Library/Core/Src/usbd_core.o
                0x080024ee                USBD_LL_Reset
 .text.USBD_LL_SetSpeed
                0x0800252c        0x6 Middlewares/ST/STM32_USB_Device_Library/Core/Src/usbd_core.o
                0x0800252c                USBD_LL_SetSpeed
 .text.USBD_LL_Suspend
                0x08002532       0x12 Middlewares/ST/STM32_USB_Device_Library/Core/Src/usbd_core.o
                0x08002532                USBD_LL_Suspend
 .text.USBD_LL_Resume
                0x08002544        0xc Middlewares/ST/STM32_USB_Device_Library/Core/Src/usbd_core.o
                0x08002544                USBD_LL_Resume
 .text.USBD_LL_SOF
                0x08002550       0x18 Middlewares/ST/STM32_USB_Device_Library/Core/Src/usbd_core.o
                0x08002550                USBD_LL_SOF
 .text.USBD_LL_IsoINIncomplete
                0x08002568        0x4 Middlewares/ST/STM32_USB_Device_Library/Core/Src/usbd_core.o
                0x08002568                USBD_LL_IsoINIncomplete
 .text.USBD_LL_IsoOUTIncomplete
                0x0800256c        0x4 Middlewares/ST/STM32_USB_Device_Library/Core/Src/usbd_core.o
                0x0800256c                USBD_LL_IsoOUTIncomplete
 .text.USBD_LL_DevConnected
                0x08002570        0x4 Middlewares/ST/STM32_USB_Device_Library/Core/Src/usbd_core.o
                0x08002570                USBD_LL_DevConnected
 .text.USBD_LL_DevDisconnected
                0x08002574       0x16 Middlewares/ST/STM32_USB_Device_Library/Core/Src/usbd_core.o
                0x08002574                USBD_LL_DevDisconnected
 .text.USBD_ParseSetupRequest
                0x0800258a       0x28 Middlewares/ST/STM32_USB_Device_Library/Core/Src/usbd_ctlreq.o
                0x0800258a                USBD_ParseSetupRequest
 .text.USBD_CtlError
                0x080025b2       0x16 Middlewares/ST/STM32_USB_Device_Library/Core/Src/usbd_ctlreq.o
                0x080025b2                USBD_CtlError
 .text.USBD_StdDevReq
                0x080025c8      0x214 Middlewares/ST/STM32_USB_Device_Library/Core/Src/usbd_ctlreq.o
                0x080025c8                USBD_StdDevReq
 .text.USBD_StdItfReq
                0x080027dc       0x30 Middlewares/ST/STM32_USB_Device_Library/Core/Src/usbd_ctlreq.o
                0x080027dc                USBD_StdItfReq
 .text.USBD_StdEPReq
                0x0800280c       0xc6 Middlewares/ST/STM32_USB_Device_Library/Core/Src/usbd_ctlreq.o
                0x0800280c                USBD_StdEPReq
 .text.USBD_GetString
                0x080028d2       0x38 Middlewares/ST/STM32_USB_Device_Library/Core/Src/usbd_ctlreq.o
                0x080028d2                USBD_GetString
 .text.USBD_CtlSendData
                0x0800290a       0x1a Middlewares/ST/STM32_USB_Device_Library/Core/Src/usbd_ioreq.o
                0x0800290a                USBD_CtlSendData
 .text.USBD_CtlContinueSendData
                0x08002924       0x10 Middlewares/ST/STM32_USB_Device_Library/Core/Src/usbd_ioreq.o
                0x08002924                USBD_CtlContinueSendData
 .text.USBD_CtlPrepareRx
                0x08002934       0x1e Middlewares/ST/STM32_USB_Device_Library/Core/Src/usbd_ioreq.o
                0x08002934                USBD_CtlPrepareRx
 .text.USBD_CtlContinueRx
                0x08002952       0x10 Middlewares/ST/STM32_USB_Device_Library/Core/Src/usbd_ioreq.o
                0x08002952                USBD_CtlContinueRx
 .text.USBD_CtlSendStatus
                0x08002962       0x16 Middlewares/ST/STM32_USB_Device_Library/Core/Src/usbd_ioreq.o
                0x08002962                USBD_CtlSendStatus
 .text.USBD_CtlReceiveStatus
                0x08002978       0x16 Middlewares/ST/STM32_USB_Device_Library/Core/Src/usbd_ioreq.o
                0x08002978                USBD_CtlReceiveStatus
 *fill*         0x0800298e        0x2 
 .text.L3GD20_SetSPI
                0x08002990       0x24 Src/L3GD20.o
                0x08002990                L3GD20_SetSPI
 .text.L3GD20_Write
                0x080029b4       0x40 Src/L3GD20.o
                0x080029b4                L3GD20_Write
 .text.L3GD20_Read
                0x080029f4       0x68 Src/L3GD20.o
                0x080029f4                L3GD20_Read
 .text.L3GD20_GetAngularRateX
                0x08002a5c       0x48 Src/L3GD20.o
                0x08002a5c                L3GD20_GetAngularRateX
 .text.L3GD20_GetAngularRateY
                0x08002aa4       0x3a Src/L3GD20.o
                0x08002aa4                L3GD20_GetAngularRateY
 .text.L3GD20_GetAngularRateZ
                0x08002ade       0x3a Src/L3GD20.o
                0x08002ade                L3GD20_GetAngularRateZ
 .text.SystemClock_Config
                0x08002b18       0xb0 Src/main.o
                0x08002b18                SystemClock_Config
 .text.getInt16Str
                0x08002bc8       0xda Src/main.o
                0x08002bc8                getInt16Str
 *fill*         0x08002ca2        0x2 
 .text.startup.main
                0x08002ca4      0x240 Src/main.o
                0x08002ca4                main
 .text.Error_Handler
                0x08002ee4        0x2 Src/main.o
                0x08002ee4                Error_Handler
 .text.HAL_MspInit
                0x08002ee6       0x60 Src/stm32f4xx_hal_msp.o
                0x08002ee6                HAL_MspInit
 *fill*         0x08002f46        0x2 
 .text.HAL_SPI_MspInit
                0x08002f48       0x4c Src/stm32f4xx_hal_msp.o
                0x08002f48                HAL_SPI_MspInit
 .text.SVC_Handler
                0x08002f94        0x2 Src/stm32f4xx_it.o
                0x08002f94                SVC_Handler
 .text.PendSV_Handler
                0x08002f96        0x2 Src/stm32f4xx_it.o
                0x08002f96                PendSV_Handler
 .text.SysTick_Handler
                0x08002f98        0xe Src/stm32f4xx_it.o
                0x08002f98                SysTick_Handler
 *fill*         0x08002fa6        0x2 
 .text.OTG_FS_IRQHandler
                0x08002fa8        0xc Src/stm32f4xx_it.o
                0x08002fa8                OTG_FS_IRQHandler
 .text.SystemInit
                0x08002fb4       0x4c Src/system_stm32f4xx.o
                0x08002fb4                SystemInit
 .text.MX_USB_DEVICE_Init
                0x08003000       0x38 Src/usb_device.o
                0x08003000                MX_USB_DEVICE_Init
 .text.CDC_DeInit_FS
                0x08003038        0x4 Src/usbd_cdc_if.o
 .text.CDC_Control_FS
                0x0800303c        0x4 Src/usbd_cdc_if.o
 .text.CDC_Init_FS
                0x08003040       0x28 Src/usbd_cdc_if.o
 .text.CDC_Receive_FS
                0x08003068       0x1c Src/usbd_cdc_if.o
                0x08003068                CDC_Receive_FS
 .text.CDC_Transmit_FS
                0x08003084       0x2c Src/usbd_cdc_if.o
                0x08003084                CDC_Transmit_FS
 .text.HAL_PCD_MspInit
                0x080030b0       0x64 Src/usbd_conf.o
                0x080030b0                HAL_PCD_MspInit
 .text.HAL_PCD_SetupStageCallback
                0x08003114        0xc Src/usbd_conf.o
                0x08003114                HAL_PCD_SetupStageCallback
 .text.HAL_PCD_DataOutStageCallback
                0x08003120       0x12 Src/usbd_conf.o
                0x08003120                HAL_PCD_DataOutStageCallback
 .text.HAL_PCD_DataInStageCallback
                0x08003132       0x10 Src/usbd_conf.o
                0x08003132                HAL_PCD_DataInStageCallback
 .text.HAL_PCD_SOFCallback
                0x08003142        0x8 Src/usbd_conf.o
                0x08003142                HAL_PCD_SOFCallback
 .text.HAL_PCD_ResetCallback
                0x0800314a       0x20 Src/usbd_conf.o
                0x0800314a                HAL_PCD_ResetCallback
 *fill*         0x0800316a        0x2 
 .text.HAL_PCD_SuspendCallback
                0x0800316c       0x30 Src/usbd_conf.o
                0x0800316c                HAL_PCD_SuspendCallback
 .text.HAL_PCD_ResumeCallback
                0x0800319c        0x8 Src/usbd_conf.o
                0x0800319c                HAL_PCD_ResumeCallback
 .text.HAL_PCD_ISOOUTIncompleteCallback
                0x080031a4        0x8 Src/usbd_conf.o
                0x080031a4                HAL_PCD_ISOOUTIncompleteCallback
 .text.HAL_PCD_ISOINIncompleteCallback
                0x080031ac        0x8 Src/usbd_conf.o
                0x080031ac                HAL_PCD_ISOINIncompleteCallback
 .text.HAL_PCD_ConnectCallback
                0x080031b4        0x8 Src/usbd_conf.o
                0x080031b4                HAL_PCD_ConnectCallback
 .text.HAL_PCD_DisconnectCallback
                0x080031bc        0x8 Src/usbd_conf.o
                0x080031bc                HAL_PCD_DisconnectCallback
 .text.USBD_LL_Init
                0x080031c4       0x60 Src/usbd_conf.o
                0x080031c4                USBD_LL_Init
 .text.USBD_LL_Start
                0x08003224       0x1c Src/usbd_conf.o
                0x08003224                USBD_LL_Start
 .text.USBD_LL_OpenEP
                0x08003240       0x20 Src/usbd_conf.o
                0x08003240                USBD_LL_OpenEP
 .text.USBD_LL_CloseEP
                0x08003260       0x1c Src/usbd_conf.o
                0x08003260                USBD_LL_CloseEP
 .text.USBD_LL_StallEP
                0x0800327c       0x1c Src/usbd_conf.o
                0x0800327c                USBD_LL_StallEP
 .text.USBD_LL_ClearStallEP
                0x08003298       0x1c Src/usbd_conf.o
                0x08003298                USBD_LL_ClearStallEP
 .text.USBD_LL_IsStallEP
                0x080032b4       0x26 Src/usbd_conf.o
                0x080032b4                USBD_LL_IsStallEP
 *fill*         0x080032da        0x2 
 .text.USBD_LL_SetUSBAddress
                0x080032dc       0x1c Src/usbd_conf.o
                0x080032dc                USBD_LL_SetUSBAddress
 .text.USBD_LL_Transmit
                0x080032f8       0x1c Src/usbd_conf.o
                0x080032f8                USBD_LL_Transmit
 .text.USBD_LL_PrepareReceive
                0x08003314       0x1c Src/usbd_conf.o
                0x08003314                USBD_LL_PrepareReceive
 .text.USBD_LL_GetRxDataSize
                0x08003330        0xc Src/usbd_conf.o
                0x08003330                USBD_LL_GetRxDataSize
 .text.USBD_FS_DeviceDescriptor
                0x0800333c        0xc Src/usbd_desc.o
                0x0800333c                USBD_FS_DeviceDescriptor
 .text.USBD_FS_LangIDStrDescriptor
                0x08003348        0xc Src/usbd_desc.o
                0x08003348                USBD_FS_LangIDStrDescriptor
 .text.USBD_FS_ManufacturerStrDescriptor
                0x08003354       0x1c Src/usbd_desc.o
                0x08003354                USBD_FS_ManufacturerStrDescriptor
 .text.USBD_FS_ProductStrDescriptor
                0x08003370       0x1c Src/usbd_desc.o
                0x08003370                USBD_FS_ProductStrDescriptor
 .text.USBD_FS_SerialStrDescriptor
                0x0800338c       0x1c Src/usbd_desc.o
                0x0800338c                USBD_FS_SerialStrDescriptor
 .text.USBD_FS_ConfigStrDescriptor
                0x080033a8       0x1c Src/usbd_desc.o
                0x080033a8                USBD_FS_ConfigStrDescriptor
 .text.USBD_FS_InterfaceStrDescriptor
                0x080033c4       0x1c Src/usbd_desc.o
                0x080033c4                USBD_FS_InterfaceStrDescriptor
 .text.Reset_Handler
                0x080033e0       0x50 startup/startup_stm32f401xc.o
                0x080033e0                Reset_Handler
 .text.Default_Handler
                0x08003430        0x2 startup/startup_stm32f401xc.o
                0x08003430                RTC_Alarm_IRQHandler
                0x08003430                EXTI2_IRQHandler
                0x08003430                DebugMon_Handler
                0x08003430                SPI4_IRQHandler
                0x08003430                TIM1_CC_IRQHandler
                0x08003430                DMA2_Stream5_IRQHandler
                0x08003430                HardFault_Handler
                0x08003430                DMA1_Stream5_IRQHandler
                0x08003430                PVD_IRQHandler
                0x08003430                SDIO_IRQHandler
                0x08003430                TAMP_STAMP_IRQHandler
                0x08003430                NMI_Handler
                0x08003430                EXTI3_IRQHandler
                0x08003430                TIM1_UP_TIM10_IRQHandler
                0x08003430                I2C3_ER_IRQHandler
                0x08003430                EXTI0_IRQHandler
                0x08003430                I2C2_EV_IRQHandler
                0x08003430                DMA1_Stream2_IRQHandler
                0x08003430                FPU_IRQHandler
                0x08003430                UsageFault_Handler
                0x08003430                DMA2_Stream2_IRQHandler
                0x08003430                SPI1_IRQHandler
                0x08003430                TIM1_BRK_TIM9_IRQHandler
                0x08003430                DMA2_Stream3_IRQHandler
                0x08003430                USART6_IRQHandler
                0x08003430                DMA2_Stream0_IRQHandler
                0x08003430                TIM4_IRQHandler
                0x08003430                I2C1_EV_IRQHandler
                0x08003430                DMA1_Stream6_IRQHandler
                0x08003430                DMA1_Stream1_IRQHandler
                0x08003430                TIM3_IRQHandler
                0x08003430                RCC_IRQHandler
                0x08003430                Default_Handler
                0x08003430                EXTI15_10_IRQHandler
                0x08003430                ADC_IRQHandler
                0x08003430                DMA1_Stream7_IRQHandler
                0x08003430                TIM5_IRQHandler
                0x08003430                DMA2_Stream7_IRQHandler
                0x08003430                I2C3_EV_IRQHandler
                0x08003430                EXTI9_5_IRQHandler
                0x08003430                RTC_WKUP_IRQHandler
                0x08003430                SPI2_IRQHandler
                0x08003430                MemManage_Handler
                0x08003430                DMA1_Stream0_IRQHandler
                0x08003430                EXTI4_IRQHandler
                0x08003430                WWDG_IRQHandler
                0x08003430                TIM2_IRQHandler
                0x08003430                OTG_FS_WKUP_IRQHandler
                0x08003430                TIM1_TRG_COM_TIM11_IRQHandler
                0x08003430                EXTI1_IRQHandler
                0x08003430                USART2_IRQHandler
                0x08003430                I2C2_ER_IRQHandler
                0x08003430                DMA2_Stream1_IRQHandler
                0x08003430                FLASH_IRQHandler
                0x08003430                DMA2_Stream4_IRQHandler
                0x08003430                BusFault_Handler
                0x08003430                USART1_IRQHandler
                0x08003430                SPI3_IRQHandler
                0x08003430                DMA1_Stream4_IRQHandler
                0x08003430                I2C1_ER_IRQHandler
                0x08003430                DMA2_Stream6_IRQHandler
                0x08003430                DMA1_Stream3_IRQHandler
 *fill*         0x08003432        0x2 
 .text.__libc_init_array
                0x08003434       0x4c /opt/Atollic_TrueSTUDIO_for_ARM_7.1.2/ARMTools/bin/../lib/gcc/arm-atollic-eabi/5.3.1/../../../../arm-atollic-eabi/lib/armv7e-m/fpu/libc_nano.a(lib_a-init.o)
                0x08003434                __libc_init_array
 .text.malloc   0x08003480       0x10 /opt/Atollic_TrueSTUDIO_for_ARM_7.1.2/ARMTools/bin/../lib/gcc/arm-atollic-eabi/5.3.1/../../../../arm-atollic-eabi/lib/armv7e-m/fpu/libc_nano.a(lib_a-malloc.o)
                0x08003480                malloc
 .text.free     0x08003490       0x10 /opt/Atollic_TrueSTUDIO_for_ARM_7.1.2/ARMTools/bin/../lib/gcc/arm-atollic-eabi/5.3.1/../../../../arm-atollic-eabi/lib/armv7e-m/fpu/libc_nano.a(lib_a-malloc.o)
                0x08003490                free
 .text.memcpy   0x080034a0       0x16 /opt/Atollic_TrueSTUDIO_for_ARM_7.1.2/ARMTools/bin/../lib/gcc/arm-atollic-eabi/5.3.1/../../../../arm-atollic-eabi/lib/armv7e-m/fpu/libc_nano.a(lib_a-memcpy-stub.o)
                0x080034a0                memcpy
 *fill*         0x080034b6        0x2 
 .text._free_r  0x080034b8       0x9c /opt/Atollic_TrueSTUDIO_for_ARM_7.1.2/ARMTools/bin/../lib/gcc/arm-atollic-eabi/5.3.1/../../../../arm-atollic-eabi/lib/armv7e-m/fpu/libc_nano.a(lib_a-nano-freer.o)
                0x080034b8                _free_r
 .text._malloc_r
                0x08003554       0xbc /opt/Atollic_TrueSTUDIO_for_ARM_7.1.2/ARMTools/bin/../lib/gcc/arm-atollic-eabi/5.3.1/../../../../arm-atollic-eabi/lib/armv7e-m/fpu/libc_nano.a(lib_a-nano-mallocr.o)
                0x08003554                _malloc_r
 .text._sbrk_r  0x08003610       0x20 /opt/Atollic_TrueSTUDIO_for_ARM_7.1.2/ARMTools/bin/../lib/gcc/arm-atollic-eabi/5.3.1/../../../../arm-atollic-eabi/lib/armv7e-m/fpu/libc_nano.a(lib_a-sbrkr.o)
                0x08003610                _sbrk_r
 .text.__malloc_lock
                0x08003630        0x2 /opt/Atollic_TrueSTUDIO_for_ARM_7.1.2/ARMTools/bin/../lib/gcc/arm-atollic-eabi/5.3.1/../../../../arm-atollic-eabi/lib/armv7e-m/fpu/libc_nano.a(lib_a-mlock.o)
                0x08003630                __malloc_lock
 .text.__malloc_unlock
                0x08003632        0x2 /opt/Atollic_TrueSTUDIO_for_ARM_7.1.2/ARMTools/bin/../lib/gcc/arm-atollic-eabi/5.3.1/../../../../arm-atollic-eabi/lib/armv7e-m/fpu/libc_nano.a(lib_a-mlock.o)
                0x08003632                __malloc_unlock
 .text._sbrk    0x08003634       0x1c /opt/Atollic_TrueSTUDIO_for_ARM_7.1.2/ARMTools/bin/../lib/gcc/arm-atollic-eabi/5.3.1/../../../../arm-atollic-eabi/lib/armv7e-m/fpu/libnosys.a(sbrk.o)
                0x08003634                _sbrk
 *(.glue_7)
 .glue_7        0x08003650        0x0 linker stubs
 *(.glue_7t)
 .glue_7t       0x08003650        0x0 linker stubs
 *(.eh_frame)
 .eh_frame      0x08003650        0x0 /opt/Atollic_TrueSTUDIO_for_ARM_7.1.2/ARMTools/bin/../lib/gcc/arm-atollic-eabi/5.3.1/armv7e-m/fpu/crtbegin.o
 *(.init)
 .init          0x08003650        0x4 /opt/Atollic_TrueSTUDIO_for_ARM_7.1.2/ARMTools/bin/../lib/gcc/arm-atollic-eabi/5.3.1/armv7e-m/fpu/crti.o
                0x08003650                _init
 .init          0x08003654        0x8 /opt/Atollic_TrueSTUDIO_for_ARM_7.1.2/ARMTools/bin/../lib/gcc/arm-atollic-eabi/5.3.1/armv7e-m/fpu/crtn.o
 *(.fini)
 .fini          0x0800365c        0x4 /opt/Atollic_TrueSTUDIO_for_ARM_7.1.2/ARMTools/bin/../lib/gcc/arm-atollic-eabi/5.3.1/armv7e-m/fpu/crti.o
                0x0800365c                _fini
 .fini          0x08003660        0x8 /opt/Atollic_TrueSTUDIO_for_ARM_7.1.2/ARMTools/bin/../lib/gcc/arm-atollic-eabi/5.3.1/armv7e-m/fpu/crtn.o
                0x08003668                . = ALIGN (0x4)
                0x08003668                _etext = .

.vfp11_veneer   0x08003668        0x0
 .vfp11_veneer  0x08003668        0x0 linker stubs

.v4_bx          0x08003668        0x0
 .v4_bx         0x08003668        0x0 linker stubs

.iplt           0x08003668        0x0
 .iplt          0x08003668        0x0 /opt/Atollic_TrueSTUDIO_for_ARM_7.1.2/ARMTools/bin/../lib/gcc/arm-atollic-eabi/5.3.1/armv7e-m/fpu/crtbegin.o

.rodata         0x08003668       0x6c
                0x08003668                . = ALIGN (0x4)
 *(.rodata)
 .rodata        0x08003668        0x6 Src/main.o
 *(.rodata*)
 .rodata.AHBPrescTable
                0x0800366e       0x10 Src/system_stm32f4xx.o
                0x0800366e                AHBPrescTable
 .rodata.CSWTCH.39
                0x0800367e        0x4 Src/usbd_conf.o
 .rodata.str1.1
                0x08003682       0x4f Src/usbd_desc.o
 .rodata.str1.1
                0x080036d1        0x2 /opt/Atollic_TrueSTUDIO_for_ARM_7.1.2/ARMTools/bin/../lib/gcc/arm-atollic-eabi/5.3.1/../../../../arm-atollic-eabi/lib/armv7e-m/fpu/libc_nano.a(lib_a-impure.o)
                0x080036d4                . = ALIGN (0x4)
 *fill*         0x080036d3        0x1 

.rel.dyn        0x080036d4        0x0
 .rel.iplt      0x080036d4        0x0 /opt/Atollic_TrueSTUDIO_for_ARM_7.1.2/ARMTools/bin/../lib/gcc/arm-atollic-eabi/5.3.1/armv7e-m/fpu/crtbegin.o

.ARM.extab
 *(.ARM.extab* .gnu.linkonce.armextab.*)

.ARM            0x080036d4        0x0
                0x080036d4                __exidx_start = .
 *(.ARM.exidx*)
                0x080036d4                __exidx_end = .

.preinit_array  0x080036d4        0x0
                0x080036d4                PROVIDE (__preinit_array_start, .)
 *(.preinit_array*)
                0x080036d4                PROVIDE (__preinit_array_end, .)

.init_array     0x080036d4        0x4
                0x080036d4                PROVIDE (__init_array_start, .)
 *(SORT(.init_array.*))
 *(.init_array*)
 .init_array    0x080036d4        0x4 /opt/Atollic_TrueSTUDIO_for_ARM_7.1.2/ARMTools/bin/../lib/gcc/arm-atollic-eabi/5.3.1/armv7e-m/fpu/crtbegin.o
                0x080036d8                PROVIDE (__init_array_end, .)

.fini_array     0x080036d8        0x4
                [!provide]                PROVIDE (__fini_array_start, .)
 *(SORT(.fini_array.*))
 *(.fini_array*)
 .fini_array    0x080036d8        0x4 /opt/Atollic_TrueSTUDIO_for_ARM_7.1.2/ARMTools/bin/../lib/gcc/arm-atollic-eabi/5.3.1/armv7e-m/fpu/crtbegin.o
                [!provide]                PROVIDE (__fini_array_end, .)
                0x080036dc                _sidata = LOADADDR (.data)

.data           0x20000000      0x1bc load address 0x080036dc
                0x20000000                . = ALIGN (0x4)
                0x20000000                _sdata = .
 *(.data)
 *(.data*)
 .data.USBD_CDC_CfgFSDesc
                0x20000000       0x43 Middlewares/ST/STM32_USB_Device_Library/Class/CDC/Src/usbd_cdc.o
                0x20000000                USBD_CDC_CfgFSDesc
 *fill*         0x20000043        0x1 
 .data.USBD_CDC
                0x20000044       0x38 Middlewares/ST/STM32_USB_Device_Library/Class/CDC/Src/usbd_cdc.o
                0x20000044                USBD_CDC
 .data.USBD_CDC_DeviceQualifierDesc
                0x2000007c        0xa Middlewares/ST/STM32_USB_Device_Library/Class/CDC/Src/usbd_cdc.o
 *fill*         0x20000086        0x2 
 .data.USBD_CDC_OtherSpeedCfgDesc
                0x20000088       0x43 Middlewares/ST/STM32_USB_Device_Library/Class/CDC/Src/usbd_cdc.o
                0x20000088                USBD_CDC_OtherSpeedCfgDesc
 *fill*         0x200000cb        0x1 
 .data.USBD_CDC_CfgHSDesc
                0x200000cc       0x43 Middlewares/ST/STM32_USB_Device_Library/Class/CDC/Src/usbd_cdc.o
                0x200000cc                USBD_CDC_CfgHSDesc
 *fill*         0x2000010f        0x1 
 .data.SystemCoreClock
                0x20000110        0x4 Src/system_stm32f4xx.o
                0x20000110                SystemCoreClock
 .data.USBD_Interface_fops_FS
                0x20000114       0x10 Src/usbd_cdc_if.o
                0x20000114                USBD_Interface_fops_FS
 .data.FS_Desc  0x20000124       0x1c Src/usbd_desc.o
                0x20000124                FS_Desc
 .data.USBD_LangIDDesc
                0x20000140        0x4 Src/usbd_desc.o
                0x20000140                USBD_LangIDDesc
 .data.USBD_FS_DeviceDesc
                0x20000144       0x12 Src/usbd_desc.o
                0x20000144                USBD_FS_DeviceDesc
 *fill*         0x20000156        0x2 
 .data.impure_data
                0x20000158       0x60 /opt/Atollic_TrueSTUDIO_for_ARM_7.1.2/ARMTools/bin/../lib/gcc/arm-atollic-eabi/5.3.1/../../../../arm-atollic-eabi/lib/armv7e-m/fpu/libc_nano.a(lib_a-impure.o)
 .data._impure_ptr
                0x200001b8        0x4 /opt/Atollic_TrueSTUDIO_for_ARM_7.1.2/ARMTools/bin/../lib/gcc/arm-atollic-eabi/5.3.1/../../../../arm-atollic-eabi/lib/armv7e-m/fpu/libc_nano.a(lib_a-impure.o)
                0x200001b8                _impure_ptr
                0x200001bc                . = ALIGN (0x4)
                0x200001bc                _edata = .

.igot.plt       0x200001bc        0x0 load address 0x08003898
 .igot.plt      0x200001bc        0x0 /opt/Atollic_TrueSTUDIO_for_ARM_7.1.2/ARMTools/bin/../lib/gcc/arm-atollic-eabi/5.3.1/armv7e-m/fpu/crtbegin.o
                0x200001bc                . = ALIGN (0x4)

.bss            0x200001bc      0x900 load address 0x08003898
                0x200001bc                _sbss = .
                0x200001bc                __bss_start__ = _sbss
 *(.bss)
 .bss           0x200001bc       0x1c /opt/Atollic_TrueSTUDIO_for_ARM_7.1.2/ARMTools/bin/../lib/gcc/arm-atollic-eabi/5.3.1/armv7e-m/fpu/crtbegin.o
 *(.bss*)
 .bss.ifalt.8167
                0x200001d8        0x1 Middlewares/ST/STM32_USB_Device_Library/Class/CDC/Src/usbd_cdc.o
 .bss.cfgidx.8172
                0x200001d9        0x1 Middlewares/ST/STM32_USB_Device_Library/Core/Src/usbd_ctlreq.o
 *fill*         0x200001da        0x2 
 .bss.__malloc_sbrk_start
                0x200001dc        0x4 /opt/Atollic_TrueSTUDIO_for_ARM_7.1.2/ARMTools/bin/../lib/gcc/arm-atollic-eabi/5.3.1/../../../../arm-atollic-eabi/lib/armv7e-m/fpu/libc_nano.a(lib_a-nano-mallocr.o)
                0x200001dc                __malloc_sbrk_start
 .bss.__malloc_free_list
                0x200001e0        0x4 /opt/Atollic_TrueSTUDIO_for_ARM_7.1.2/ARMTools/bin/../lib/gcc/arm-atollic-eabi/5.3.1/../../../../arm-atollic-eabi/lib/armv7e-m/fpu/libc_nano.a(lib_a-nano-mallocr.o)
                0x200001e0                __malloc_free_list
 .bss.heap_end.4169
                0x200001e4        0x4 /opt/Atollic_TrueSTUDIO_for_ARM_7.1.2/ARMTools/bin/../lib/gcc/arm-atollic-eabi/5.3.1/../../../../arm-atollic-eabi/lib/armv7e-m/fpu/libnosys.a(sbrk.o)
 *(COMMON)
 COMMON         0x200001e8        0x4 Drivers/STM32F4xx_HAL_Driver/Src/stm32f4xx_hal.o
                0x200001e8                uwTick
 COMMON         0x200001ec       0x58 Src/L3GD20.o
                0x200001ec                hspi1
 COMMON         0x20000244       0x58 Src/main.o
                0x20000244                hspiloc
 COMMON         0x2000029c      0x224 Src/usb_device.o
                0x2000029c                hUsbDeviceFS
 COMMON         0x200004c0        0x8 Src/usbd_cdc_if.o
                0x200004c0                UserRxBufferFS
                0x200004c4                UserTxBufferFS
 COMMON         0x200004c8      0x3f0 Src/usbd_conf.o
                0x200004c8                hpcd_USB_OTG_FS
 COMMON         0x200008b8      0x200 Src/usbd_desc.o
                0x200008b8                USBD_StrDesc
 COMMON         0x20000ab8        0x4 /opt/Atollic_TrueSTUDIO_for_ARM_7.1.2/ARMTools/bin/../lib/gcc/arm-atollic-eabi/5.3.1/../../../../arm-atollic-eabi/lib/armv7e-m/fpu/libc_nano.a(lib_a-reent.o)
                0x20000ab8                errno
                0x20000abc                . = ALIGN (0x4)
                0x20000abc                _ebss = .
                0x20000abc                __bss_end__ = _ebss

._user_heap_stack
                0x20000abc      0x600 load address 0x08003898
                0x20000abc                . = ALIGN (0x4)
                0x20000abc                PROVIDE (end, .)
                [!provide]                PROVIDE (_end, .)
                0x20000cbc                . = (. + _Min_Heap_Size)
 *fill*         0x20000abc      0x200 
                0x200010bc                . = (. + _Min_Stack_Size)
 *fill*         0x20000cbc      0x400 
                0x200010bc                . = ALIGN (0x4)

/DISCARD/
 libc.a(*)
 libm.a(*)
 libgcc.a(*)

.ARM.attributes
                0x00000000       0x30
 *(.ARM.attributes)
 .ARM.attributes
                0x00000000       0x22 /opt/Atollic_TrueSTUDIO_for_ARM_7.1.2/ARMTools/bin/../lib/gcc/arm-atollic-eabi/5.3.1/armv7e-m/fpu/crti.o
 .ARM.attributes
                0x00000022       0x34 /opt/Atollic_TrueSTUDIO_for_ARM_7.1.2/ARMTools/bin/../lib/gcc/arm-atollic-eabi/5.3.1/armv7e-m/fpu/crtbegin.o
 .ARM.attributes
                0x00000056       0x39 Drivers/STM32F4xx_HAL_Driver/Src/stm32f4xx_hal.o
 .ARM.attributes
                0x0000008f       0x39 Drivers/STM32F4xx_HAL_Driver/Src/stm32f4xx_hal_cortex.o
 .ARM.attributes
                0x000000c8       0x39 Drivers/STM32F4xx_HAL_Driver/Src/stm32f4xx_hal_gpio.o
 .ARM.attributes
                0x00000101       0x39 Drivers/STM32F4xx_HAL_Driver/Src/stm32f4xx_hal_pcd.o
 .ARM.attributes
                0x0000013a       0x39 Drivers/STM32F4xx_HAL_Driver/Src/stm32f4xx_hal_pcd_ex.o
 .ARM.attributes
                0x00000173       0x39 Drivers/STM32F4xx_HAL_Driver/Src/stm32f4xx_hal_rcc.o
 .ARM.attributes
                0x000001ac       0x39 Drivers/STM32F4xx_HAL_Driver/Src/stm32f4xx_hal_spi.o
 .ARM.attributes
                0x000001e5       0x39 Drivers/STM32F4xx_HAL_Driver/Src/stm32f4xx_ll_usb.o
 .ARM.attributes
                0x0000021e       0x39 Middlewares/ST/STM32_USB_Device_Library/Class/CDC/Src/usbd_cdc.o
 .ARM.attributes
                0x00000257       0x39 Middlewares/ST/STM32_USB_Device_Library/Core/Src/usbd_core.o
 .ARM.attributes
                0x00000290       0x39 Middlewares/ST/STM32_USB_Device_Library/Core/Src/usbd_ctlreq.o
 .ARM.attributes
                0x000002c9       0x39 Middlewares/ST/STM32_USB_Device_Library/Core/Src/usbd_ioreq.o
 .ARM.attributes
                0x00000302       0x39 Src/L3GD20.o
 .ARM.attributes
                0x0000033b       0x39 Src/main.o
 .ARM.attributes
                0x00000374       0x39 Src/stm32f4xx_hal_msp.o
 .ARM.attributes
                0x000003ad       0x39 Src/stm32f4xx_it.o
 .ARM.attributes
                0x000003e6       0x39 Src/system_stm32f4xx.o
 .ARM.attributes
                0x0000041f       0x39 Src/usb_device.o
 .ARM.attributes
                0x00000458       0x39 Src/usbd_cdc_if.o
 .ARM.attributes
                0x00000491       0x39 Src/usbd_conf.o
 .ARM.attributes
                0x000004ca       0x39 Src/usbd_desc.o
 .ARM.attributes
                0x00000503       0x21 startup/startup_stm32f401xc.o
 .ARM.attributes
                0x00000524       0x34 /opt/Atollic_TrueSTUDIO_for_ARM_7.1.2/ARMTools/bin/../lib/gcc/arm-atollic-eabi/5.3.1/../../../../arm-atollic-eabi/lib/armv7e-m/fpu/libc_nano.a(lib_a-init.o)
 .ARM.attributes
                0x00000558       0x34 /opt/Atollic_TrueSTUDIO_for_ARM_7.1.2/ARMTools/bin/../lib/gcc/arm-atollic-eabi/5.3.1/../../../../arm-atollic-eabi/lib/armv7e-m/fpu/libc_nano.a(lib_a-malloc.o)
 .ARM.attributes
                0x0000058c       0x34 /opt/Atollic_TrueSTUDIO_for_ARM_7.1.2/ARMTools/bin/../lib/gcc/arm-atollic-eabi/5.3.1/../../../../arm-atollic-eabi/lib/armv7e-m/fpu/libc_nano.a(lib_a-memcpy-stub.o)
 .ARM.attributes
                0x000005c0       0x34 /opt/Atollic_TrueSTUDIO_for_ARM_7.1.2/ARMTools/bin/../lib/gcc/arm-atollic-eabi/5.3.1/../../../../arm-atollic-eabi/lib/armv7e-m/fpu/libc_nano.a(lib_a-nano-freer.o)
 .ARM.attributes
                0x000005f4       0x34 /opt/Atollic_TrueSTUDIO_for_ARM_7.1.2/ARMTools/bin/../lib/gcc/arm-atollic-eabi/5.3.1/../../../../arm-atollic-eabi/lib/armv7e-m/fpu/libc_nano.a(lib_a-nano-mallocr.o)
 .ARM.attributes
                0x00000628       0x34 /opt/Atollic_TrueSTUDIO_for_ARM_7.1.2/ARMTools/bin/../lib/gcc/arm-atollic-eabi/5.3.1/../../../../arm-atollic-eabi/lib/armv7e-m/fpu/libc_nano.a(lib_a-sbrkr.o)
 .ARM.attributes
                0x0000065c       0x34 /opt/Atollic_TrueSTUDIO_for_ARM_7.1.2/ARMTools/bin/../lib/gcc/arm-atollic-eabi/5.3.1/../../../../arm-atollic-eabi/lib/armv7e-m/fpu/libc_nano.a(lib_a-impure.o)
 .ARM.attributes
                0x00000690       0x34 /opt/Atollic_TrueSTUDIO_for_ARM_7.1.2/ARMTools/bin/../lib/gcc/arm-atollic-eabi/5.3.1/../../../../arm-atollic-eabi/lib/armv7e-m/fpu/libc_nano.a(lib_a-mlock.o)
 .ARM.attributes
                0x000006c4       0x34 /opt/Atollic_TrueSTUDIO_for_ARM_7.1.2/ARMTools/bin/../lib/gcc/arm-atollic-eabi/5.3.1/../../../../arm-atollic-eabi/lib/armv7e-m/fpu/libc_nano.a(lib_a-reent.o)
 .ARM.attributes
                0x000006f8       0x34 /opt/Atollic_TrueSTUDIO_for_ARM_7.1.2/ARMTools/bin/../lib/gcc/arm-atollic-eabi/5.3.1/../../../../arm-atollic-eabi/lib/armv7e-m/fpu/libnosys.a(sbrk.o)
 .ARM.attributes
                0x0000072c       0x22 /opt/Atollic_TrueSTUDIO_for_ARM_7.1.2/ARMTools/bin/../lib/gcc/arm-atollic-eabi/5.3.1/armv7e-m/fpu/crtn.o
OUTPUT(MEMS-USB.elf elf32-littlearm)

.debug_info     0x00000000    0x10610
 .debug_info    0x00000000      0x8a3 Drivers/STM32F4xx_HAL_Driver/Src/stm32f4xx_hal.o
 .debug_info    0x000008a3      0xe65 Drivers/STM32F4xx_HAL_Driver/Src/stm32f4xx_hal_cortex.o
 .debug_info    0x00001708      0x756 Drivers/STM32F4xx_HAL_Driver/Src/stm32f4xx_hal_gpio.o
 .debug_info    0x00001e5e     0x12b3 Drivers/STM32F4xx_HAL_Driver/Src/stm32f4xx_hal_pcd.o
 .debug_info    0x00003111      0x570 Drivers/STM32F4xx_HAL_Driver/Src/stm32f4xx_hal_pcd_ex.o
 .debug_info    0x00003681      0xcd7 Drivers/STM32F4xx_HAL_Driver/Src/stm32f4xx_hal_rcc.o
 .debug_info    0x00004358     0x1a81 Drivers/STM32F4xx_HAL_Driver/Src/stm32f4xx_hal_spi.o
 .debug_info    0x00005dd9     0x16e5 Drivers/STM32F4xx_HAL_Driver/Src/stm32f4xx_ll_usb.o
 .debug_info    0x000074be      0xc80 Middlewares/ST/STM32_USB_Device_Library/Class/CDC/Src/usbd_cdc.o
 .debug_info    0x0000813e      0xbd9 Middlewares/ST/STM32_USB_Device_Library/Core/Src/usbd_core.o
 .debug_info    0x00008d17      0xbc7 Middlewares/ST/STM32_USB_Device_Library/Core/Src/usbd_ctlreq.o
 .debug_info    0x000098de      0x761 Middlewares/ST/STM32_USB_Device_Library/Core/Src/usbd_ioreq.o
 .debug_info    0x0000a03f      0xef7 Src/L3GD20.o
 .debug_info    0x0000af36     0x1397 Src/main.o
 .debug_info    0x0000c2cd      0xbb3 Src/stm32f4xx_hal_msp.o
 .debug_info    0x0000ce80      0x52f Src/stm32f4xx_it.o
 .debug_info    0x0000d3af      0x526 Src/system_stm32f4xx.o
 .debug_info    0x0000d8d5      0x615 Src/usb_device.o
 .debug_info    0x0000deea      0x819 Src/usbd_cdc_if.o
 .debug_info    0x0000e703     0x1998 Src/usbd_conf.o
 .debug_info    0x0001009b      0x4f4 Src/usbd_desc.o
 .debug_info    0x0001058f       0x81 startup/startup_stm32f401xc.o

.debug_abbrev   0x00000000     0x2fe0
 .debug_abbrev  0x00000000      0x296 Drivers/STM32F4xx_HAL_Driver/Src/stm32f4xx_hal.o
 .debug_abbrev  0x00000296      0x32f Drivers/STM32F4xx_HAL_Driver/Src/stm32f4xx_hal_cortex.o
 .debug_abbrev  0x000005c5      0x1c8 Drivers/STM32F4xx_HAL_Driver/Src/stm32f4xx_hal_gpio.o
 .debug_abbrev  0x0000078d      0x2dc Drivers/STM32F4xx_HAL_Driver/Src/stm32f4xx_hal_pcd.o
 .debug_abbrev  0x00000a69      0x16f Drivers/STM32F4xx_HAL_Driver/Src/stm32f4xx_hal_pcd_ex.o
 .debug_abbrev  0x00000bd8      0x30d Drivers/STM32F4xx_HAL_Driver/Src/stm32f4xx_hal_rcc.o
 .debug_abbrev  0x00000ee5      0x346 Drivers/STM32F4xx_HAL_Driver/Src/stm32f4xx_hal_spi.o
 .debug_abbrev  0x0000122b      0x2de Drivers/STM32F4xx_HAL_Driver/Src/stm32f4xx_ll_usb.o
 .debug_abbrev  0x00001509      0x256 Middlewares/ST/STM32_USB_Device_Library/Class/CDC/Src/usbd_cdc.o
 .debug_abbrev  0x0000175f      0x270 Middlewares/ST/STM32_USB_Device_Library/Core/Src/usbd_core.o
 .debug_abbrev  0x000019cf      0x2c4 Middlewares/ST/STM32_USB_Device_Library/Core/Src/usbd_ctlreq.o
 .debug_abbrev  0x00001c93      0x155 Middlewares/ST/STM32_USB_Device_Library/Core/Src/usbd_ioreq.o
 .debug_abbrev  0x00001de8      0x2c1 Src/L3GD20.o
 .debug_abbrev  0x000020a9      0x309 Src/main.o
 .debug_abbrev  0x000023b2      0x1a9 Src/stm32f4xx_hal_msp.o
 .debug_abbrev  0x0000255b      0x19e Src/stm32f4xx_it.o
 .debug_abbrev  0x000026f9      0x101 Src/system_stm32f4xx.o
 .debug_abbrev  0x000027fa      0x170 Src/usb_device.o
 .debug_abbrev  0x0000296a      0x207 Src/usbd_cdc_if.o
 .debug_abbrev  0x00002b71      0x295 Src/usbd_conf.o
 .debug_abbrev  0x00002e06      0x1c8 Src/usbd_desc.o
 .debug_abbrev  0x00002fce       0x12 startup/startup_stm32f401xc.o

.debug_loc      0x00000000     0x6ce4
 .debug_loc     0x00000000       0x91 Drivers/STM32F4xx_HAL_Driver/Src/stm32f4xx_hal.o
 .debug_loc     0x00000091      0x4cc Drivers/STM32F4xx_HAL_Driver/Src/stm32f4xx_hal_cortex.o
 .debug_loc     0x0000055d      0x370 Drivers/STM32F4xx_HAL_Driver/Src/stm32f4xx_hal_gpio.o
 .debug_loc     0x000008cd      0xb20 Drivers/STM32F4xx_HAL_Driver/Src/stm32f4xx_hal_pcd.o
 .debug_loc     0x000013ed       0xda Drivers/STM32F4xx_HAL_Driver/Src/stm32f4xx_hal_pcd_ex.o
 .debug_loc     0x000014c7      0x485 Drivers/STM32F4xx_HAL_Driver/Src/stm32f4xx_hal_rcc.o
 .debug_loc     0x0000194c     0x181b Drivers/STM32F4xx_HAL_Driver/Src/stm32f4xx_hal_spi.o
 .debug_loc     0x00003167     0x154d Drivers/STM32F4xx_HAL_Driver/Src/stm32f4xx_ll_usb.o
 .debug_loc     0x000046b4      0x4bc Middlewares/ST/STM32_USB_Device_Library/Class/CDC/Src/usbd_cdc.o
 .debug_loc     0x00004b70      0x5d9 Middlewares/ST/STM32_USB_Device_Library/Core/Src/usbd_core.o
 .debug_loc     0x00005149      0x6d9 Middlewares/ST/STM32_USB_Device_Library/Core/Src/usbd_ctlreq.o
 .debug_loc     0x00005822      0x23c Middlewares/ST/STM32_USB_Device_Library/Core/Src/usbd_ioreq.o
 .debug_loc     0x00005a5e      0x3c4 Src/L3GD20.o
 .debug_loc     0x00005e22       0xc4 Src/main.o
 .debug_loc     0x00005ee6       0x4d Src/stm32f4xx_hal_msp.o
 .debug_loc     0x00005f33       0xd7 Src/system_stm32f4xx.o
 .debug_loc     0x0000600a      0x10c Src/usbd_cdc_if.o
 .debug_loc     0x00006116      0x95b Src/usbd_conf.o
 .debug_loc     0x00006a71      0x273 Src/usbd_desc.o

.debug_aranges  0x00000000      0xb08
 .debug_aranges
                0x00000000       0xc0 Drivers/STM32F4xx_HAL_Driver/Src/stm32f4xx_hal.o
 .debug_aranges
                0x000000c0       0xa8 Drivers/STM32F4xx_HAL_Driver/Src/stm32f4xx_hal_cortex.o
 .debug_aranges
                0x00000168       0x58 Drivers/STM32F4xx_HAL_Driver/Src/stm32f4xx_hal_gpio.o
 .debug_aranges
                0x000001c0       0xc0 Drivers/STM32F4xx_HAL_Driver/Src/stm32f4xx_hal_pcd.o
 .debug_aranges
                0x00000280       0x28 Drivers/STM32F4xx_HAL_Driver/Src/stm32f4xx_hal_pcd_ex.o
 .debug_aranges
                0x000002a8       0x80 Drivers/STM32F4xx_HAL_Driver/Src/stm32f4xx_hal_rcc.o
 .debug_aranges
                0x00000328      0x180 Drivers/STM32F4xx_HAL_Driver/Src/stm32f4xx_hal_spi.o
 .debug_aranges
                0x000004a8      0x178 Drivers/STM32F4xx_HAL_Driver/Src/stm32f4xx_ll_usb.o
 .debug_aranges
                0x00000620       0x90 Middlewares/ST/STM32_USB_Device_Library/Class/CDC/Src/usbd_cdc.o
 .debug_aranges
                0x000006b0       0xa8 Middlewares/ST/STM32_USB_Device_Library/Core/Src/usbd_core.o
 .debug_aranges
                0x00000758       0x48 Middlewares/ST/STM32_USB_Device_Library/Core/Src/usbd_ctlreq.o
 .debug_aranges
                0x000007a0       0x50 Middlewares/ST/STM32_USB_Device_Library/Core/Src/usbd_ioreq.o
 .debug_aranges
                0x000007f0       0x88 Src/L3GD20.o
 .debug_aranges
                0x00000878       0x38 Src/main.o
 .debug_aranges
                0x000008b0       0x30 Src/stm32f4xx_hal_msp.o
 .debug_aranges
                0x000008e0       0x30 Src/stm32f4xx_it.o
 .debug_aranges
                0x00000910       0x28 Src/system_stm32f4xx.o
 .debug_aranges
                0x00000938       0x20 Src/usb_device.o
 .debug_aranges
                0x00000958       0x40 Src/usbd_cdc_if.o
 .debug_aranges
                0x00000998       0xf8 Src/usbd_conf.o
 .debug_aranges
                0x00000a90       0x50 Src/usbd_desc.o
 .debug_aranges
                0x00000ae0       0x28 startup/startup_stm32f401xc.o

.debug_ranges   0x00000000      0xcf0
 .debug_ranges  0x00000000       0xb0 Drivers/STM32F4xx_HAL_Driver/Src/stm32f4xx_hal.o
 .debug_ranges  0x000000b0      0x158 Drivers/STM32F4xx_HAL_Driver/Src/stm32f4xx_hal_cortex.o
 .debug_ranges  0x00000208       0x70 Drivers/STM32F4xx_HAL_Driver/Src/stm32f4xx_hal_gpio.o
 .debug_ranges  0x00000278       0xb0 Drivers/STM32F4xx_HAL_Driver/Src/stm32f4xx_hal_pcd.o
 .debug_ranges  0x00000328       0x18 Drivers/STM32F4xx_HAL_Driver/Src/stm32f4xx_hal_pcd_ex.o
 .debug_ranges  0x00000340      0x150 Drivers/STM32F4xx_HAL_Driver/Src/stm32f4xx_hal_rcc.o
 .debug_ranges  0x00000490      0x1d0 Drivers/STM32F4xx_HAL_Driver/Src/stm32f4xx_hal_spi.o
 .debug_ranges  0x00000660      0x168 Drivers/STM32F4xx_HAL_Driver/Src/stm32f4xx_ll_usb.o
 .debug_ranges  0x000007c8       0x80 Middlewares/ST/STM32_USB_Device_Library/Class/CDC/Src/usbd_cdc.o
 .debug_ranges  0x00000848       0x98 Middlewares/ST/STM32_USB_Device_Library/Core/Src/usbd_core.o
 .debug_ranges  0x000008e0       0x38 Middlewares/ST/STM32_USB_Device_Library/Core/Src/usbd_ctlreq.o
 .debug_ranges  0x00000918       0x40 Middlewares/ST/STM32_USB_Device_Library/Core/Src/usbd_ioreq.o
 .debug_ranges  0x00000958       0x98 Src/L3GD20.o
 .debug_ranges  0x000009f0       0xe8 Src/main.o
 .debug_ranges  0x00000ad8       0x40 Src/stm32f4xx_hal_msp.o
 .debug_ranges  0x00000b18       0x20 Src/stm32f4xx_it.o
 .debug_ranges  0x00000b38       0x18 Src/system_stm32f4xx.o
 .debug_ranges  0x00000b50       0x10 Src/usb_device.o
 .debug_ranges  0x00000b60       0x30 Src/usbd_cdc_if.o
 .debug_ranges  0x00000b90      0x100 Src/usbd_conf.o
 .debug_ranges  0x00000c90       0x40 Src/usbd_desc.o
 .debug_ranges  0x00000cd0       0x20 startup/startup_stm32f401xc.o

.debug_line     0x00000000     0x4fbc
 .debug_line    0x00000000      0x39d Drivers/STM32F4xx_HAL_Driver/Src/stm32f4xx_hal.o
 .debug_line    0x0000039d      0x408 Drivers/STM32F4xx_HAL_Driver/Src/stm32f4xx_hal_cortex.o
 .debug_line    0x000007a5      0x389 Drivers/STM32F4xx_HAL_Driver/Src/stm32f4xx_hal_gpio.o
 .debug_line    0x00000b2e      0x64a Drivers/STM32F4xx_HAL_Driver/Src/stm32f4xx_hal_pcd.o
 .debug_line    0x00001178      0x220 Drivers/STM32F4xx_HAL_Driver/Src/stm32f4xx_hal_pcd_ex.o
 .debug_line    0x00001398      0x576 Drivers/STM32F4xx_HAL_Driver/Src/stm32f4xx_hal_rcc.o
 .debug_line    0x0000190e      0xade Drivers/STM32F4xx_HAL_Driver/Src/stm32f4xx_hal_spi.o
 .debug_line    0x000023ec      0x7d8 Drivers/STM32F4xx_HAL_Driver/Src/stm32f4xx_ll_usb.o
 .debug_line    0x00002bc4      0x3c2 Middlewares/ST/STM32_USB_Device_Library/Class/CDC/Src/usbd_cdc.o
 .debug_line    0x00002f86      0x377 Middlewares/ST/STM32_USB_Device_Library/Core/Src/usbd_core.o
 .debug_line    0x000032fd      0x2ba Middlewares/ST/STM32_USB_Device_Library/Core/Src/usbd_ctlreq.o
 .debug_line    0x000035b7      0x220 Middlewares/ST/STM32_USB_Device_Library/Core/Src/usbd_ioreq.o
 .debug_line    0x000037d7      0x35a Src/L3GD20.o
 .debug_line    0x00003b31      0x361 Src/main.o
 .debug_line    0x00003e92      0x24d Src/stm32f4xx_hal_msp.o
 .debug_line    0x000040df      0x222 Src/stm32f4xx_it.o
 .debug_line    0x00004301      0x19f Src/system_stm32f4xx.o
 .debug_line    0x000044a0      0x1ec Src/usb_device.o
 .debug_line    0x0000468c      0x205 Src/usbd_cdc_if.o
 .debug_line    0x00004891      0x4c4 Src/usbd_conf.o
 .debug_line    0x00004d55      0x1e8 Src/usbd_desc.o
 .debug_line    0x00004f3d       0x7f startup/startup_stm32f401xc.o

.debug_str      0x00000000     0x38f4
 .debug_str     0x00000000      0x91c Drivers/STM32F4xx_HAL_Driver/Src/stm32f4xx_hal.o
                                0x97c (size before relaxing)
 .debug_str     0x0000091c      0x3d4 Drivers/STM32F4xx_HAL_Driver/Src/stm32f4xx_hal_cortex.o
                                0xaf1 (size before relaxing)
 .debug_str     0x00000cf0      0x1d8 Drivers/STM32F4xx_HAL_Driver/Src/stm32f4xx_hal_gpio.o
                                0x53b (size before relaxing)
 .debug_str     0x00000ec8      0x8c7 Drivers/STM32F4xx_HAL_Driver/Src/stm32f4xx_hal_pcd.o
                                0xb29 (size before relaxing)
 .debug_str     0x0000178f       0x77 Drivers/STM32F4xx_HAL_Driver/Src/stm32f4xx_hal_pcd_ex.o
                                0x5b5 (size before relaxing)
 .debug_str     0x00001806      0x2be Drivers/STM32F4xx_HAL_Driver/Src/stm32f4xx_hal_rcc.o
                                0x712 (size before relaxing)
 .debug_str     0x00001ac4      0x7ee Drivers/STM32F4xx_HAL_Driver/Src/stm32f4xx_hal_spi.o
                                0xaf1 (size before relaxing)
 .debug_str     0x000022b2      0x3c4 Drivers/STM32F4xx_HAL_Driver/Src/stm32f4xx_ll_usb.o
                                0xbc2 (size before relaxing)
 .debug_str     0x00002676      0x611 Middlewares/ST/STM32_USB_Device_Library/Class/CDC/Src/usbd_cdc.o
                                0x8e8 (size before relaxing)
 .debug_str     0x00002c87      0x288 Middlewares/ST/STM32_USB_Device_Library/Core/Src/usbd_core.o
                                0x862 (size before relaxing)
 .debug_str     0x00002f0f      0x125 Middlewares/ST/STM32_USB_Device_Library/Core/Src/usbd_ctlreq.o
                                0x794 (size before relaxing)
 .debug_str     0x00003034       0x51 Middlewares/ST/STM32_USB_Device_Library/Core/Src/usbd_ioreq.o
                                0x6c1 (size before relaxing)
 .debug_str     0x00003085      0x36a Src/L3GD20.o
                                0xa4b (size before relaxing)
 .debug_str     0x000033ef      0x105 Src/main.o
                                0xed9 (size before relaxing)
 .debug_str     0x000034f4       0x49 Src/stm32f4xx_hal_msp.o
                                0xbb6 (size before relaxing)
 .debug_str     0x0000353d       0x57 Src/stm32f4xx_it.o
                                0x58e (size before relaxing)
 .debug_str     0x00003594       0x45 Src/system_stm32f4xx.o
                                0x3cb (size before relaxing)
 .debug_str     0x000035d9       0x40 Src/usb_device.o
                                0x65a (size before relaxing)
 .debug_str     0x00003619       0x5c Src/usbd_cdc_if.o
                                0x74b (size before relaxing)
 .debug_str     0x00003675      0x171 Src/usbd_conf.o
                               0x1360 (size before relaxing)
 .debug_str     0x000037e6      0x10e Src/usbd_desc.o
                                0x421 (size before relaxing)

.comment        0x00000000       0x7e
 .comment       0x00000000       0x7e Drivers/STM32F4xx_HAL_Driver/Src/stm32f4xx_hal.o
                                 0x7f (size before relaxing)
 .comment       0x0000007e       0x7f Drivers/STM32F4xx_HAL_Driver/Src/stm32f4xx_hal_cortex.o
 .comment       0x0000007e       0x7f Drivers/STM32F4xx_HAL_Driver/Src/stm32f4xx_hal_gpio.o
 .comment       0x0000007e       0x7f Drivers/STM32F4xx_HAL_Driver/Src/stm32f4xx_hal_pcd.o
 .comment       0x0000007e       0x7f Drivers/STM32F4xx_HAL_Driver/Src/stm32f4xx_hal_pcd_ex.o
 .comment       0x0000007e       0x7f Drivers/STM32F4xx_HAL_Driver/Src/stm32f4xx_hal_rcc.o
 .comment       0x0000007e       0x7f Drivers/STM32F4xx_HAL_Driver/Src/stm32f4xx_hal_spi.o
 .comment       0x0000007e       0x7f Drivers/STM32F4xx_HAL_Driver/Src/stm32f4xx_ll_usb.o
 .comment       0x0000007e       0x7f Middlewares/ST/STM32_USB_Device_Library/Class/CDC/Src/usbd_cdc.o
 .comment       0x0000007e       0x7f Middlewares/ST/STM32_USB_Device_Library/Core/Src/usbd_core.o
 .comment       0x0000007e       0x7f Middlewares/ST/STM32_USB_Device_Library/Core/Src/usbd_ctlreq.o
 .comment       0x0000007e       0x7f Middlewares/ST/STM32_USB_Device_Library/Core/Src/usbd_ioreq.o
 .comment       0x0000007e       0x7f Src/L3GD20.o
 .comment       0x0000007e       0x7f Src/main.o
 .comment       0x0000007e       0x7f Src/stm32f4xx_hal_msp.o
 .comment       0x0000007e       0x7f Src/stm32f4xx_it.o
 .comment       0x0000007e       0x7f Src/system_stm32f4xx.o
 .comment       0x0000007e       0x7f Src/usb_device.o
 .comment       0x0000007e       0x7f Src/usbd_cdc_if.o
 .comment       0x0000007e       0x7f Src/usbd_conf.o
 .comment       0x0000007e       0x7f Src/usbd_desc.o

.debug_frame    0x00000000     0x1ecc
 .debug_frame   0x00000000      0x194 Drivers/STM32F4xx_HAL_Driver/Src/stm32f4xx_hal.o
 .debug_frame   0x00000194      0x150 Drivers/STM32F4xx_HAL_Driver/Src/stm32f4xx_hal_cortex.o
 .debug_frame   0x000002e4       0xd4 Drivers/STM32F4xx_HAL_Driver/Src/stm32f4xx_hal_gpio.o
 .debug_frame   0x000003b8      0x2c0 Drivers/STM32F4xx_HAL_Driver/Src/stm32f4xx_hal_pcd.o
 .debug_frame   0x00000678       0x3c Drivers/STM32F4xx_HAL_Driver/Src/stm32f4xx_hal_pcd_ex.o
 .debug_frame   0x000006b4      0x138 Drivers/STM32F4xx_HAL_Driver/Src/stm32f4xx_hal_rcc.o
 .debug_frame   0x000007ec      0x534 Drivers/STM32F4xx_HAL_Driver/Src/stm32f4xx_hal_spi.o
 .debug_frame   0x00000d20      0x474 Drivers/STM32F4xx_HAL_Driver/Src/stm32f4xx_ll_usb.o
 .debug_frame   0x00001194      0x14c Middlewares/ST/STM32_USB_Device_Library/Class/CDC/Src/usbd_cdc.o
 .debug_frame   0x000012e0      0x1c0 Middlewares/ST/STM32_USB_Device_Library/Core/Src/usbd_core.o
 .debug_frame   0x000014a0       0xb0 Middlewares/ST/STM32_USB_Device_Library/Core/Src/usbd_ctlreq.o
 .debug_frame   0x00001550       0xb8 Middlewares/ST/STM32_USB_Device_Library/Core/Src/usbd_ioreq.o
 .debug_frame   0x00001608      0x1e4 Src/L3GD20.o
 .debug_frame   0x000017ec       0x80 Src/main.o
 .debug_frame   0x0000186c       0x54 Src/stm32f4xx_hal_msp.o
 .debug_frame   0x000018c0       0x5c Src/stm32f4xx_it.o
 .debug_frame   0x0000191c       0x30 Src/system_stm32f4xx.o
 .debug_frame   0x0000194c       0x2c Src/usb_device.o
 .debug_frame   0x00001978       0x80 Src/usbd_cdc_if.o
 .debug_frame   0x000019f8      0x26c Src/usbd_conf.o
 .debug_frame   0x00001c64       0xa8 Src/usbd_desc.o
 .debug_frame   0x00001d0c       0x2c /opt/Atollic_TrueSTUDIO_for_ARM_7.1.2/ARMTools/bin/../lib/gcc/arm-atollic-eabi/5.3.1/../../../../arm-atollic-eabi/lib/armv7e-m/fpu/libc_nano.a(lib_a-init.o)
 .debug_frame   0x00001d38       0x30 /opt/Atollic_TrueSTUDIO_for_ARM_7.1.2/ARMTools/bin/../lib/gcc/arm-atollic-eabi/5.3.1/../../../../arm-atollic-eabi/lib/armv7e-m/fpu/libc_nano.a(lib_a-malloc.o)
 .debug_frame   0x00001d68       0x28 /opt/Atollic_TrueSTUDIO_for_ARM_7.1.2/ARMTools/bin/../lib/gcc/arm-atollic-eabi/5.3.1/../../../../arm-atollic-eabi/lib/armv7e-m/fpu/libc_nano.a(lib_a-memcpy-stub.o)
 .debug_frame   0x00001d90       0x38 /opt/Atollic_TrueSTUDIO_for_ARM_7.1.2/ARMTools/bin/../lib/gcc/arm-atollic-eabi/5.3.1/../../../../arm-atollic-eabi/lib/armv7e-m/fpu/libc_nano.a(lib_a-nano-freer.o)
 .debug_frame   0x00001dc8       0x2c /opt/Atollic_TrueSTUDIO_for_ARM_7.1.2/ARMTools/bin/../lib/gcc/arm-atollic-eabi/5.3.1/../../../../arm-atollic-eabi/lib/armv7e-m/fpu/libc_nano.a(lib_a-nano-mallocr.o)
 .debug_frame   0x00001df4       0x2c /opt/Atollic_TrueSTUDIO_for_ARM_7.1.2/ARMTools/bin/../lib/gcc/arm-atollic-eabi/5.3.1/../../../../arm-atollic-eabi/lib/armv7e-m/fpu/libc_nano.a(lib_a-sbrkr.o)
 .debug_frame   0x00001e20       0x30 /opt/Atollic_TrueSTUDIO_for_ARM_7.1.2/ARMTools/bin/../lib/gcc/arm-atollic-eabi/5.3.1/../../../../arm-atollic-eabi/lib/armv7e-m/fpu/libc_nano.a(lib_a-mlock.o)
 .debug_frame   0x00001e50       0x5c /opt/Atollic_TrueSTUDIO_for_ARM_7.1.2/ARMTools/bin/../lib/gcc/arm-atollic-eabi/5.3.1/../../../../arm-atollic-eabi/lib/armv7e-m/fpu/libc_nano.a(lib_a-reent.o)
 .debug_frame   0x00001eac       0x20 /opt/Atollic_TrueSTUDIO_for_ARM_7.1.2/ARMTools/bin/../lib/gcc/arm-atollic-eabi/5.3.1/../../../../arm-atollic-eabi/lib/armv7e-m/fpu/libnosys.a(sbrk.o)
