stm32f4xx_hal_pcd.c:250:13:HAL_PCD_MspInit	0	static
stm32f4xx_hal_pcd.c:139:19:HAL_PCD_Init	64	static
stm32f4xx_hal_pcd.c:264:13:HAL_PCD_MspDeInit	0	static
stm32f4xx_hal_pcd.c:297:19:HAL_PCD_Start	8	static
stm32f4xx_hal_pcd.c:311:19:HAL_PCD_Stop	8	static
stm32f4xx_hal_pcd.c:224:19:HAL_PCD_DeInit	8	static
stm32f4xx_hal_pcd.c:724:14:HAL_PCD_DataOutStageCallback	0	static
stm32f4xx_hal_pcd.c:740:14:HAL_PCD_DataInStageCallback	0	static
stm32f4xx_hal_pcd.c:754:14:HAL_PCD_SetupStageCallback	0	static
stm32f4xx_hal_pcd.c:768:14:HAL_PCD_SOFCallback	0	static
stm32f4xx_hal_pcd.c:782:14:HAL_PCD_ResetCallback	0	static
stm32f4xx_hal_pcd.c:796:14:HAL_PCD_SuspendCallback	0	static
stm32f4xx_hal_pcd.c:810:14:HAL_PCD_ResumeCallback	0	static
stm32f4xx_hal_pcd.c:825:14:HAL_PCD_ISOOUTIncompleteCallback	0	static
stm32f4xx_hal_pcd.c:841:14:HAL_PCD_ISOINIncompleteCallback	0	static
stm32f4xx_hal_pcd.c:856:14:HAL_PCD_ConnectCallback	0	static
stm32f4xx_hal_pcd.c:870:14:HAL_PCD_DisconnectCallback	0	static
stm32f4xx_hal_pcd.c:326:6:HAL_PCD_IRQHandler	64	static
stm32f4xx_hal_pcd.c:903:19:HAL_PCD_DevConnect	8	static
stm32f4xx_hal_pcd.c:916:19:HAL_PCD_DevDisconnect	8	static
stm32f4xx_hal_pcd.c:930:19:HAL_PCD_SetAddress	8	static
stm32f4xx_hal_pcd.c:945:19:HAL_PCD_EP_Open	16	static
stm32f4xx_hal_pcd.c:987:19:HAL_PCD_EP_Close	8	static
stm32f4xx_hal_pcd.c:1018:19:HAL_PCD_EP_Receive	16	static
stm32f4xx_hal_pcd.c:1054:10:HAL_PCD_EP_GetRxCount	0	static
stm32f4xx_hal_pcd.c:1066:19:HAL_PCD_EP_Transmit	16	static
stm32f4xx_hal_pcd.c:1102:19:HAL_PCD_EP_SetStall	16	static
stm32f4xx_hal_pcd.c:1137:19:HAL_PCD_EP_ClrStall	16	static
stm32f4xx_hal_pcd.c:1167:19:HAL_PCD_EP_Flush	8	static
stm32f4xx_hal_pcd.c:1190:19:HAL_PCD_ActivateRemoteWakeup	0	static
stm32f4xx_hal_pcd.c:1207:19:HAL_PCD_DeActivateRemoteWakeup	0	static
stm32f4xx_hal_pcd.c:1239:18:HAL_PCD_GetState	0	static
